deep_gemm: /sgl-workspace/DeepGEMM-swapab/deep_gemm/__init__.py
device: NVIDIA B300 SXM6 AC, SMs: 148
dense bf16 fused_qkv_a            m=1     swap_on        14.95 us     2.0 TF  2027.0 GB/s diff=1.11e-08
dense bf16 fused_qkv_a            m=1     swap_off       16.57 us     1.8 TF  1827.9 GB/s diff=1.11e-08
dense bf16 fused_qkv_a            m=4     swap_on        14.85 us     8.2 TF  2043.7 GB/s diff=2.27e-08
dense bf16 fused_qkv_a            m=4     swap_off       16.14 us     7.5 TF  1880.5 GB/s diff=2.27e-08
dense bf16 fused_qkv_a            m=8     swap_on        14.06 us    17.2 TF  2163.6 GB/s diff=1.92e-08
dense bf16 fused_qkv_a            m=8     swap_off       13.82 us    17.5 TF  2201.4 GB/s diff=1.92e-08
dense bf16 fused_qkv_a            m=16    swap_on        13.78 us    35.2 TF  2219.5 GB/s diff=1.56e-08
dense bf16 fused_qkv_a            m=16    swap_off       12.86 us    37.7 TF  2378.1 GB/s diff=1.56e-08
dense bf16 fused_qkv_a            m=64    swap_on        12.83 us   151.1 TF  2453.1 GB/s diff=2.10e-08
dense bf16 fused_qkv_a            m=64    swap_off       12.41 us   156.1 TF  2534.7 GB/s diff=2.10e-08
dense bf16 fused_qkv_a            m=128   swap_on        13.20 us   293.6 TF  2473.6 GB/s diff=2.22e-08
dense bf16 fused_qkv_a            m=128   swap_off       13.28 us   291.8 TF  2458.5 GB/s diff=2.22e-08
dense bf16 q_b_proj               m=1     swap_on         5.03 us     1.9 TF  1879.9 GB/s diff=2.14e-09
dense bf16 q_b_proj               m=1     swap_off        5.14 us     1.8 TF  1836.7 GB/s diff=2.14e-09
dense bf16 q_b_proj               m=4     swap_on         5.02 us     7.5 TF  1886.5 GB/s diff=1.59e-08
dense bf16 q_b_proj               m=4     swap_off        5.42 us     7.0 TF  1746.7 GB/s diff=1.59e-08
dense bf16 q_b_proj               m=8     swap_on         5.02 us    15.0 TF  1892.9 GB/s diff=9.06e-09
dense bf16 q_b_proj               m=8     swap_off        5.06 us    14.9 TF  1881.1 GB/s diff=9.06e-09
dense bf16 q_b_proj               m=16    swap_on         5.03 us    30.0 TF  1907.0 GB/s diff=5.93e-09
dense bf16 q_b_proj               m=16    swap_off        4.90 us    30.8 TF  1956.4 GB/s diff=5.93e-09
dense bf16 q_b_proj               m=64    swap_on         5.34 us   113.0 TF  1876.3 GB/s diff=3.38e-09
dense bf16 q_b_proj               m=64    swap_off        4.80 us   125.9 TF  2089.8 GB/s diff=3.38e-09
dense bf16 q_b_proj               m=128   swap_on         5.57 us   217.0 TF  1907.1 GB/s diff=2.64e-09
dense bf16 q_b_proj               m=128   swap_off        5.12 us   235.8 TF  2072.4 GB/s diff=2.64e-09
dense bf16 o_proj                 m=1     swap_on         6.50 us     4.5 TF  4523.3 GB/s diff=2.16e-09
dense bf16 o_proj                 m=1     swap_off        8.86 us     3.3 TF  3314.4 GB/s diff=2.16e-09
dense bf16 o_proj                 m=4     swap_on         6.40 us    18.4 TF  4600.5 GB/s diff=1.71e-09
dense bf16 o_proj                 m=4     swap_off        8.42 us    14.0 TF  3497.4 GB/s diff=1.71e-09
dense bf16 o_proj                 m=8     swap_on         6.26 us    37.5 TF  4716.3 GB/s diff=2.91e-09
dense bf16 o_proj                 m=8     swap_off        7.45 us    31.5 TF  3959.2 GB/s diff=2.91e-09
dense bf16 o_proj                 m=16    swap_on         6.11 us    76.9 TF  4853.5 GB/s diff=7.28e-09
dense bf16 o_proj                 m=16    swap_off        7.13 us    65.9 TF  4157.4 GB/s diff=7.28e-09
dense bf16 o_proj                 m=64    swap_on         6.79 us   276.9 TF  4500.4 GB/s diff=4.18e-09
dense bf16 o_proj                 m=64    swap_off        6.24 us   301.1 TF  4893.8 GB/s diff=4.18e-09
dense bf16 o_proj                 m=128   swap_on         7.34 us   511.8 TF  4319.4 GB/s diff=4.39e-09
dense bf16 o_proj                 m=128   swap_off        6.89 us   545.2 TF  4602.0 GB/s diff=4.39e-09
dense bf16 indexer_wq_b           m=1     swap_on         5.60 us     4.5 TF  4496.6 GB/s diff=8.00e-10
dense bf16 indexer_wq_b           m=1     swap_off        6.53 us     3.9 TF  3857.4 GB/s diff=8.00e-10
dense bf16 indexer_wq_b           m=4     swap_on         5.57 us    18.1 TF  4535.3 GB/s diff=8.86e-09
dense bf16 indexer_wq_b           m=4     swap_off        6.94 us    14.5 TF  3634.8 GB/s diff=8.86e-09
dense bf16 indexer_wq_b           m=8     swap_on         5.47 us    36.8 TF  4627.5 GB/s diff=5.62e-09
dense bf16 indexer_wq_b           m=8     swap_off        6.24 us    32.3 TF  4059.2 GB/s diff=5.62e-09
dense bf16 indexer_wq_b           m=16    swap_on         5.47 us    73.6 TF  4655.9 GB/s diff=4.13e-09
dense bf16 indexer_wq_b           m=16    swap_off        5.76 us    69.9 TF  4424.6 GB/s diff=4.13e-09
dense bf16 indexer_wq_b           m=64    swap_on         6.05 us   266.2 TF  4365.5 GB/s diff=2.96e-09
dense bf16 indexer_wq_b           m=64    swap_off        5.46 us   295.2 TF  4840.7 GB/s diff=2.96e-09
dense bf16 indexer_wq_b           m=128   swap_on         6.53 us   493.6 TF  4237.8 GB/s diff=3.09e-09
dense bf16 indexer_wq_b           m=128   swap_off        5.92 us   544.1 TF  4671.7 GB/s diff=3.09e-09
dense bf16 indexer_wk_wproj       m=1     swap_on        12.06 us     0.2 TF   229.4 GB/s diff=5.81e-09
dense bf16 indexer_wk_wproj       m=1     swap_off       12.61 us     0.2 TF   219.5 GB/s diff=5.81e-09
dense bf16 indexer_wk_wproj       m=4     swap_on        12.06 us     0.9 TF   233.0 GB/s diff=5.96e-09
dense bf16 indexer_wk_wproj       m=4     swap_off       12.61 us     0.9 TF   223.0 GB/s diff=5.96e-09
dense bf16 indexer_wk_wproj       m=8     swap_on        12.06 us     1.8 TF   238.0 GB/s diff=1.80e-08
dense bf16 indexer_wk_wproj       m=8     swap_off       12.60 us     1.7 TF   227.7 GB/s diff=1.80e-08
dense bf16 indexer_wk_wproj       m=16    swap_on        12.06 us     3.7 TF   247.7 GB/s diff=9.13e-09
dense bf16 indexer_wk_wproj       m=16    swap_off       12.64 us     3.5 TF   236.5 GB/s diff=9.13e-09
dense bf16 indexer_wk_wproj       m=64    swap_on        12.13 us    14.5 TF   304.5 GB/s diff=2.34e-08
dense bf16 indexer_wk_wproj       m=64    swap_off       12.03 us    14.6 TF   307.2 GB/s diff=2.34e-08
dense bf16 indexer_wk_wproj       m=128   swap_on        12.12 us    29.1 TF   382.5 GB/s diff=1.43e-08
dense bf16 indexer_wk_wproj       m=128   swap_off       12.48 us    28.2 TF   371.5 GB/s diff=1.43e-08
dense bf16 dense_mlp_gate_up      m=1     swap_on        12.25 us     5.4 TF  5392.8 GB/s diff=9.03e-09
dense bf16 dense_mlp_gate_up      m=1     swap_off       18.04 us     3.7 TF  3662.4 GB/s diff=9.03e-09
dense bf16 dense_mlp_gate_up      m=4     swap_on        12.26 us    21.6 TF  5397.7 GB/s diff=2.15e-08
dense bf16 dense_mlp_gate_up      m=4     swap_off       18.02 us    14.7 TF  3670.6 GB/s diff=2.15e-08
dense bf16 dense_mlp_gate_up      m=8     swap_on        12.25 us    43.1 TF  5406.7 GB/s diff=1.84e-08
dense bf16 dense_mlp_gate_up      m=8     swap_off       15.94 us    33.2 TF  4155.9 GB/s diff=1.84e-08
dense bf16 dense_mlp_gate_up      m=16    swap_on        12.27 us    86.2 TF  5416.8 GB/s diff=2.23e-08
dense bf16 dense_mlp_gate_up      m=16    swap_off       13.29 us    79.6 TF  5000.5 GB/s diff=2.23e-08
dense bf16 dense_mlp_gate_up      m=64    swap_on        15.13 us   279.4 TF  4465.2 GB/s diff=2.30e-08
dense bf16 dense_mlp_gate_up      m=64    swap_off       12.92 us   327.1 TF  5228.3 GB/s diff=2.30e-08
dense bf16 dense_mlp_gate_up      m=128   swap_on        15.91 us   531.3 TF  4340.2 GB/s diff=2.23e-08
dense bf16 dense_mlp_gate_up      m=128   swap_off       13.66 us   618.8 TF  5055.3 GB/s diff=2.23e-08
dense bf16 dense_mlp_down         m=1     swap_on         6.88 us     4.8 TF  4802.9 GB/s diff=3.05e-08
dense bf16 dense_mlp_down         m=1     swap_off        9.02 us     3.7 TF  3663.2 GB/s diff=3.05e-08
dense bf16 dense_mlp_down         m=4     swap_on         6.61 us    20.0 TF  5010.4 GB/s diff=1.22e-08
dense bf16 dense_mlp_down         m=4     swap_off        9.31 us    14.2 TF  3557.7 GB/s diff=1.22e-08
dense bf16 dense_mlp_down         m=8     swap_on         6.59 us    40.1 TF  5033.6 GB/s diff=8.58e-09
dense bf16 dense_mlp_down         m=8     swap_off        8.22 us    32.1 TF  4036.2 GB/s diff=8.58e-09
dense bf16 dense_mlp_down         m=16    swap_on         6.49 us    81.4 TF  5132.5 GB/s diff=7.83e-09
dense bf16 dense_mlp_down         m=16    swap_off        7.74 us    68.3 TF  4305.0 GB/s diff=7.83e-09
dense bf16 dense_mlp_down         m=64    swap_on         7.20 us   293.6 TF  4755.9 GB/s diff=6.86e-09
dense bf16 dense_mlp_down         m=64    swap_off        6.69 us   316.1 TF  5120.0 GB/s diff=6.86e-09
dense bf16 dense_mlp_down         m=128   swap_on         7.81 us   541.4 TF  4540.6 GB/s diff=5.81e-09
dense bf16 dense_mlp_down         m=128   swap_off        7.61 us   555.3 TF  4656.9 GB/s diff=5.81e-09
dense bf16 shared_expert_gate_up  m=1     swap_on        12.22 us     4.8 TF  4805.9 GB/s diff=5.87e-09
dense bf16 shared_expert_gate_up  m=1     swap_off       17.46 us     3.4 TF  3365.3 GB/s diff=5.87e-09
dense bf16 shared_expert_gate_up  m=4     swap_on        12.22 us    19.2 TF  4810.7 GB/s diff=2.06e-08
dense bf16 shared_expert_gate_up  m=4     swap_off       17.90 us    13.1 TF  3286.2 GB/s diff=2.06e-08
dense bf16 shared_expert_gate_up  m=8     swap_on        12.24 us    38.4 TF  4812.7 GB/s diff=1.84e-08
dense bf16 shared_expert_gate_up  m=8     swap_off       16.29 us    28.8 TF  3616.2 GB/s diff=1.84e-08
dense bf16 shared_expert_gate_up  m=16    swap_on        12.22 us    76.9 TF  4832.8 GB/s diff=2.21e-08
dense bf16 shared_expert_gate_up  m=16    swap_off       13.22 us    71.1 TF  4468.7 GB/s diff=2.21e-08
dense bf16 shared_expert_gate_up  m=64    swap_on        13.23 us   284.1 TF  4547.9 GB/s diff=2.25e-08
dense bf16 shared_expert_gate_up  m=64    swap_off       12.80 us   293.5 TF  4698.3 GB/s diff=2.25e-08
dense bf16 shared_expert_gate_up  m=128   swap_on        14.48 us   519.0 TF  4254.1 GB/s diff=2.24e-08
dense bf16 shared_expert_gate_up  m=128   swap_off       13.65 us   550.5 TF  4511.8 GB/s diff=2.24e-08
dense bf16 kv_b_proj              m=1     swap_on         3.68 us     1.1 TF  1142.3 GB/s diff=0.00e+00
dense bf16 kv_b_proj              m=1     swap_off        3.84 us     1.1 TF  1095.0 GB/s diff=0.00e+00
dense bf16 kv_b_proj              m=4     swap_on         3.68 us     4.6 TF  1149.8 GB/s diff=4.03e-09
dense bf16 kv_b_proj              m=4     swap_off        3.65 us     4.6 TF  1159.5 GB/s diff=4.03e-09
dense bf16 kv_b_proj              m=8     swap_on         3.68 us     9.1 TF  1159.8 GB/s diff=2.02e-09
dense bf16 kv_b_proj              m=8     swap_off        3.58 us     9.4 TF  1191.9 GB/s diff=2.02e-09
dense bf16 kv_b_proj              m=16    swap_on         3.68 us    18.2 TF  1179.8 GB/s diff=9.97e-10
dense bf16 kv_b_proj              m=16    swap_off        3.65 us    18.4 TF  1190.2 GB/s diff=9.97e-10
dense bf16 kv_b_proj              m=64    swap_on         3.87 us    69.4 TF  1236.2 GB/s diff=7.23e-10
dense bf16 kv_b_proj              m=64    swap_off        3.36 us    79.9 TF  1423.8 GB/s diff=7.23e-10
dense bf16 kv_b_proj              m=128   swap_on         4.06 us   132.1 TF  1322.7 GB/s diff=1.20e-09
dense bf16 kv_b_proj              m=128   swap_off        3.46 us   155.4 TF  1555.4 GB/s diff=1.20e-09
dense bf16 lm_head                m=1     swap_on        37.50 us     6.2 TF  6179.3 GB/s diff=2.41e-08
dense bf16 lm_head                m=1     swap_off       39.30 us     5.9 TF  5896.4 GB/s diff=2.41e-08
dense bf16 lm_head                m=4     swap_on        37.45 us    24.7 TF  6191.3 GB/s diff=2.26e-08
dense bf16 lm_head                m=4     swap_off       38.56 us    24.0 TF  6013.5 GB/s diff=2.26e-08
dense bf16 lm_head                m=8     swap_on        37.81 us    49.0 TF  6136.8 GB/s diff=2.21e-08
dense bf16 lm_head                m=8     swap_off       37.86 us    49.0 TF  6129.6 GB/s diff=2.21e-08
dense bf16 lm_head                m=16    swap_on        38.03 us    97.5 TF  6110.8 GB/s diff=2.13e-08
dense bf16 lm_head                m=16    swap_off       38.02 us    97.5 TF  6113.6 GB/s diff=2.13e-08
dense bf16 lm_head                m=64    swap_on        38.45 us   385.6 TF  6103.0 GB/s diff=2.13e-08
dense bf16 lm_head                m=64    swap_off       38.86 us   381.5 TF  6038.0 GB/s diff=2.13e-08
dense bf16 lm_head                m=128   swap_on        41.95 us   706.8 TF  5664.6 GB/s diff=2.07e-08
dense bf16 lm_head                m=128   swap_off       41.78 us   709.8 TF  5688.4 GB/s diff=2.07e-08
dense bf16 mtp_eh_proj            m=1     swap_on        37.23 us     5.5 TF  5521.2 GB/s diff=2.11e-08
dense bf16 mtp_eh_proj            m=1     swap_off       43.32 us     4.7 TF  4745.6 GB/s diff=2.11e-08
dense bf16 mtp_eh_proj            m=4     swap_on        37.34 us    22.0 TF  5508.0 GB/s diff=3.94e-08
dense bf16 mtp_eh_proj            m=4     swap_off       43.58 us    18.9 TF  4719.6 GB/s diff=3.94e-08
dense bf16 mtp_eh_proj            m=8     swap_on        37.18 us    44.2 TF  5537.4 GB/s diff=3.71e-08
dense bf16 mtp_eh_proj            m=8     swap_off       35.83 us    45.9 TF  5745.4 GB/s diff=3.71e-08
dense bf16 mtp_eh_proj            m=16    swap_on        37.41 us    87.9 TF  5512.1 GB/s diff=4.06e-08
dense bf16 mtp_eh_proj            m=16    swap_off       35.55 us    92.5 TF  5800.1 GB/s diff=4.06e-08
dense bf16 mtp_eh_proj            m=64    swap_on        38.76 us   339.3 TF  5373.1 GB/s diff=4.38e-08
dense bf16 mtp_eh_proj            m=64    swap_off       36.69 us   358.5 TF  5675.9 GB/s diff=4.38e-08
dense bf16 mtp_eh_proj            m=128   swap_on        41.86 us   628.4 TF  5040.7 GB/s diff=4.09e-08
dense bf16 mtp_eh_proj            m=128   swap_off       42.63 us   617.1 TF  4950.2 GB/s diff=4.09e-08
dense bf16 q_b_proj_tp1           m=1     swap_on         8.80 us     8.6 TF  8586.2 GB/s diff=9.03e-10
dense bf16 q_b_proj_tp1           m=1     swap_off       11.22 us     6.7 TF  6735.9 GB/s diff=9.03e-10
dense bf16 q_b_proj_tp1           m=8     swap_on         8.64 us    69.9 TF  8783.4 GB/s diff=4.89e-09
dense bf16 q_b_proj_tp1           m=8     swap_off       10.02 us    60.3 TF  7577.1 GB/s diff=4.89e-09
dense bf16 q_b_proj_tp1           m=64    swap_on         9.92 us   487.1 TF  7947.6 GB/s diff=3.83e-09
dense bf16 q_b_proj_tp1           m=64    swap_off        8.80 us   548.9 TF  8957.0 GB/s diff=3.83e-09
dense bf16 kv_b_proj_tp1          m=1     swap_on         5.50 us     6.1 TF  6108.5 GB/s diff=6.23e-10
dense bf16 kv_b_proj_tp1          m=1     swap_off        6.30 us     5.3 TF  5334.1 GB/s diff=6.23e-10
dense bf16 kv_b_proj_tp1          m=8     swap_on         5.34 us    50.2 TF  6378.5 GB/s diff=2.34e-09
dense bf16 kv_b_proj_tp1          m=8     swap_off        6.16 us    43.6 TF  5531.8 GB/s diff=2.34e-09
dense bf16 kv_b_proj_tp1          m=64    swap_on         5.96 us   360.6 TF  6350.0 GB/s diff=1.20e-09
dense bf16 kv_b_proj_tp1          m=64    swap_off        5.83 us   368.6 TF  6490.6 GB/s diff=1.20e-09
dense bf16 o_proj_tp1             m=1     swap_on        41.75 us     5.6 TF  5626.7 GB/s diff=2.87e-08
dense bf16 o_proj_tp1             m=1     swap_off       48.35 us     4.9 TF  4859.2 GB/s diff=2.87e-08
dense bf16 o_proj_tp1             m=8     swap_on        43.06 us    43.6 TF  5463.1 GB/s diff=4.06e-08
dense bf16 o_proj_tp1             m=8     swap_off       39.87 us    47.1 TF  5900.5 GB/s diff=4.06e-08
dense bf16 o_proj_tp1             m=64    swap_on        44.02 us   341.5 TF  5404.6 GB/s diff=4.48e-08
dense bf16 o_proj_tp1             m=64    swap_off       42.00 us   357.9 TF  5664.2 GB/s diff=4.48e-08
done
EXIT=0
