deep_gemm: /sgl-workspace/DeepGEMM-swapab/deep_gemm/__init__.py
device: NVIDIA B300 SXM6 AC, SMs: 148
dense fp4 fused_qkv_a            m=1     swap_on         8.56 us     3.5 TF   941.1 GB/s diff=7.23e-03
dense fp4 fused_qkv_a            m=1     swap_off       10.01 us     3.0 TF   804.3 GB/s diff=7.23e-03
dense fp4 fused_qkv_a            m=4     swap_on         8.60 us    14.1 TF   940.9 GB/s diff=6.98e-03
dense fp4 fused_qkv_a            m=4     swap_off        9.22 us    13.1 TF   877.3 GB/s diff=6.98e-03
dense fp4 fused_qkv_a            m=8     swap_on         8.58 us    28.2 TF   948.2 GB/s diff=7.03e-03
dense fp4 fused_qkv_a            m=8     swap_off        8.69 us    27.9 TF   935.8 GB/s diff=7.03e-03
dense fp4 fused_qkv_a            m=16    swap_on         8.61 us    56.2 TF   954.9 GB/s diff=6.99e-03
dense fp4 fused_qkv_a            m=16    swap_off        8.35 us    58.0 TF   985.2 GB/s diff=6.99e-03
dense fp4 fused_qkv_a            m=64    swap_on         8.83 us   219.4 TF   993.7 GB/s diff=7.07e-03
dense fp4 fused_qkv_a            m=64    swap_off        8.48 us   228.5 TF  1034.9 GB/s diff=7.07e-03
dense fp4 fused_qkv_a            m=128   swap_on         9.02 us   429.7 TF  1054.1 GB/s diff=7.09e-03
dense fp4 fused_qkv_a            m=128   swap_off        9.05 us   428.0 TF  1050.0 GB/s diff=7.09e-03
dense fp4 q_b_proj               m=1     swap_on         4.32 us     2.2 TF   582.3 GB/s diff=6.98e-03
dense fp4 q_b_proj               m=1     swap_off        4.32 us     2.2 TF   582.0 GB/s diff=6.98e-03
dense fp4 q_b_proj               m=4     swap_on         4.32 us     8.7 TF   587.5 GB/s diff=7.00e-03
dense fp4 q_b_proj               m=4     swap_off        4.32 us     8.7 TF   587.3 GB/s diff=7.00e-03
dense fp4 q_b_proj               m=8     swap_on         4.32 us    17.5 TF   594.5 GB/s diff=7.07e-03
dense fp4 q_b_proj               m=8     swap_off        4.10 us    18.4 TF   627.0 GB/s diff=7.07e-03
dense fp4 q_b_proj               m=16    swap_on         4.32 us    35.0 TF   608.8 GB/s diff=7.06e-03
dense fp4 q_b_proj               m=16    swap_off        4.00 us    37.7 TF   657.5 GB/s diff=7.06e-03
dense fp4 q_b_proj               m=64    swap_on         4.43 us   136.3 TF   676.6 GB/s diff=7.04e-03
dense fp4 q_b_proj               m=64    swap_off        3.94 us   153.5 TF   762.0 GB/s diff=7.04e-03
dense fp4 q_b_proj               m=128   swap_on         4.54 us   265.9 TF   768.4 GB/s diff=7.02e-03
dense fp4 q_b_proj               m=128   swap_off        4.22 us   286.0 TF   826.7 GB/s diff=7.02e-03
dense fp4 o_proj                 m=1     swap_on         4.77 us     6.2 TF  1638.7 GB/s diff=6.92e-03
dense fp4 o_proj                 m=1     swap_off        5.25 us     5.6 TF  1489.2 GB/s diff=6.92e-03
dense fp4 o_proj                 m=4     swap_on         4.80 us    24.5 TF  1638.4 GB/s diff=6.87e-03
dense fp4 o_proj                 m=4     swap_off        5.25 us    22.4 TF  1498.4 GB/s diff=6.87e-03
dense fp4 o_proj                 m=8     swap_on         4.80 us    49.0 TF  1653.1 GB/s diff=6.90e-03
dense fp4 o_proj                 m=8     swap_off        4.93 us    47.7 TF  1609.2 GB/s diff=6.90e-03
dense fp4 o_proj                 m=16    swap_on         4.80 us    97.9 TF  1679.4 GB/s diff=7.02e-03
dense fp4 o_proj                 m=16    swap_off        4.83 us    97.2 TF  1668.6 GB/s diff=7.02e-03
dense fp4 o_proj                 m=64    swap_on         5.06 us   371.5 TF  1749.4 GB/s diff=7.03e-03
dense fp4 o_proj                 m=64    swap_off        4.64 us   405.0 TF  1907.0 GB/s diff=7.03e-03
dense fp4 o_proj                 m=128   swap_on         5.44 us   690.8 TF  1819.3 GB/s diff=7.04e-03
dense fp4 o_proj                 m=128   swap_off        5.02 us   748.0 TF  1970.1 GB/s diff=7.04e-03
dense fp4 indexer_wq_b           m=1     swap_on         4.38 us     5.7 TF  1528.9 GB/s diff=7.11e-03
dense fp4 indexer_wq_b           m=1     swap_off        4.67 us     5.4 TF  1434.9 GB/s diff=7.11e-03
dense fp4 indexer_wq_b           m=4     swap_on         4.38 us    23.0 TF  1541.9 GB/s diff=7.06e-03
dense fp4 indexer_wq_b           m=4     swap_off        4.64 us    21.7 TF  1456.1 GB/s diff=7.06e-03
dense fp4 indexer_wq_b           m=8     swap_on         4.38 us    45.9 TF  1557.9 GB/s diff=7.07e-03
dense fp4 indexer_wq_b           m=8     swap_off        4.42 us    45.6 TF  1546.2 GB/s diff=7.07e-03
dense fp4 indexer_wq_b           m=16    swap_on         4.38 us    91.9 TF  1591.0 GB/s diff=7.06e-03
dense fp4 indexer_wq_b           m=16    swap_off        4.41 us    91.2 TF  1579.2 GB/s diff=7.06e-03
dense fp4 indexer_wq_b           m=64    swap_on         4.67 us   344.7 TF  1676.4 GB/s diff=7.05e-03
dense fp4 indexer_wq_b           m=64    swap_off        4.19 us   384.1 TF  1868.0 GB/s diff=7.05e-03
dense fp4 indexer_wq_b           m=128   swap_on         5.02 us   641.3 TF  1787.8 GB/s diff=7.04e-03
dense fp4 indexer_wq_b           m=128   swap_off        4.45 us   724.2 TF  2018.9 GB/s diff=7.04e-03
dense fp4 indexer_wk_wproj       m=1     swap_on         8.77 us     0.3 TF    84.2 GB/s diff=7.30e-03
dense fp4 indexer_wk_wproj       m=1     swap_off        7.84 us     0.4 TF    94.2 GB/s diff=7.30e-03
dense fp4 indexer_wk_wproj       m=4     swap_on         8.80 us     1.3 TF    86.5 GB/s diff=7.69e-03
dense fp4 indexer_wk_wproj       m=4     swap_off        7.84 us     1.4 TF    97.1 GB/s diff=7.69e-03
dense fp4 indexer_wk_wproj       m=8     swap_on         8.80 us     2.5 TF    90.0 GB/s diff=7.63e-03
dense fp4 indexer_wk_wproj       m=8     swap_off        7.88 us     2.8 TF   100.5 GB/s diff=7.63e-03
dense fp4 indexer_wk_wproj       m=16    swap_on         8.77 us     5.0 TF    97.3 GB/s diff=7.47e-03
dense fp4 indexer_wk_wproj       m=16    swap_off        7.84 us     5.6 TF   108.8 GB/s diff=7.47e-03
dense fp4 indexer_wk_wproj       m=64    swap_on         8.83 us    19.9 TF   137.9 GB/s diff=7.14e-03
dense fp4 indexer_wk_wproj       m=64    swap_off        7.87 us    22.4 TF   154.7 GB/s diff=7.14e-03
dense fp4 indexer_wk_wproj       m=128   swap_on         8.96 us    39.3 TF   190.3 GB/s diff=7.03e-03
dense fp4 indexer_wk_wproj       m=128   swap_off        8.51 us    41.4 TF   200.3 GB/s diff=7.03e-03
dense fp4 dense_mlp_gate_up      m=1     swap_on         9.06 us     7.3 TF  1939.3 GB/s diff=7.32e-03
dense fp4 dense_mlp_gate_up      m=1     swap_off       10.34 us     6.4 TF  1699.3 GB/s diff=7.32e-03
dense fp4 dense_mlp_gate_up      m=4     swap_on         9.09 us    29.1 TF  1937.8 GB/s diff=7.11e-03
dense fp4 dense_mlp_gate_up      m=4     swap_off       10.21 us    25.9 TF  1724.7 GB/s diff=7.11e-03
dense fp4 dense_mlp_gate_up      m=8     swap_on         9.08 us    58.2 TF  1945.9 GB/s diff=7.09e-03
dense fp4 dense_mlp_gate_up      m=8     swap_off        9.31 us    56.8 TF  1898.5 GB/s diff=7.09e-03
dense fp4 dense_mlp_gate_up      m=16    swap_on         9.09 us   116.3 TF  1959.1 GB/s diff=7.03e-03
dense fp4 dense_mlp_gate_up      m=16    swap_off        8.80 us   120.1 TF  2023.4 GB/s diff=7.03e-03
dense fp4 dense_mlp_gate_up      m=64    swap_on         9.50 us   444.9 TF  1957.0 GB/s diff=7.05e-03
dense fp4 dense_mlp_gate_up      m=64    swap_off        8.74 us   484.0 TF  2129.1 GB/s diff=7.05e-03
dense fp4 dense_mlp_gate_up      m=128   swap_on         9.68 us   873.9 TF  2031.1 GB/s diff=7.06e-03
dense fp4 dense_mlp_gate_up      m=128   swap_off        9.79 us   863.7 TF  2007.3 GB/s diff=7.06e-03
dense fp4 dense_mlp_down         m=1     swap_on         5.02 us     6.6 TF  1750.0 GB/s diff=6.87e-03
dense fp4 dense_mlp_down         m=1     swap_off        5.70 us     5.8 TF  1543.0 GB/s diff=6.87e-03
dense fp4 dense_mlp_down         m=4     swap_on         5.01 us    26.4 TF  1763.5 GB/s diff=6.98e-03
dense fp4 dense_mlp_down         m=4     swap_off        5.63 us    23.5 TF  1570.2 GB/s diff=6.98e-03
dense fp4 dense_mlp_down         m=8     swap_on         5.03 us    52.6 TF  1772.5 GB/s diff=7.08e-03
dense fp4 dense_mlp_down         m=8     swap_off        5.15 us    51.3 TF  1729.0 GB/s diff=7.08e-03
dense fp4 dense_mlp_down         m=16    swap_on         5.06 us   104.5 TF  1787.7 GB/s diff=7.09e-03
dense fp4 dense_mlp_down         m=16    swap_off        5.02 us   105.2 TF  1799.8 GB/s diff=7.09e-03
dense fp4 dense_mlp_down         m=64    swap_on         5.31 us   398.0 TF  1852.4 GB/s diff=7.05e-03
dense fp4 dense_mlp_down         m=64    swap_off        4.93 us   429.0 TF  1996.7 GB/s diff=7.05e-03
dense fp4 dense_mlp_down         m=128   swap_on         5.76 us   734.1 TF  1893.8 GB/s diff=7.05e-03
dense fp4 dense_mlp_down         m=128   swap_off        5.28 us   800.7 TF  2065.6 GB/s diff=7.05e-03
dense fp4 shared_expert_gate_up  m=1     swap_on         9.05 us     6.5 TF  1724.3 GB/s diff=7.41e-03
dense fp4 shared_expert_gate_up  m=1     swap_off       10.07 us     5.8 TF  1550.1 GB/s diff=7.41e-03
dense fp4 shared_expert_gate_up  m=4     swap_on         9.06 us    25.9 TF  1729.1 GB/s diff=7.09e-03
dense fp4 shared_expert_gate_up  m=4     swap_off       10.02 us    23.5 TF  1563.4 GB/s diff=7.09e-03
dense fp4 shared_expert_gate_up  m=8     swap_on         9.04 us    52.0 TF  1739.3 GB/s diff=7.10e-03
dense fp4 shared_expert_gate_up  m=8     swap_off        9.06 us    51.9 TF  1736.0 GB/s diff=7.10e-03
dense fp4 shared_expert_gate_up  m=16    swap_on         9.06 us   103.7 TF  1749.6 GB/s diff=7.03e-03
dense fp4 shared_expert_gate_up  m=16    swap_off        8.51 us   110.4 TF  1861.4 GB/s diff=7.03e-03
dense fp4 shared_expert_gate_up  m=64    swap_on         9.47 us   396.8 TF  1750.9 GB/s diff=7.06e-03
dense fp4 shared_expert_gate_up  m=64    swap_off        8.64 us   435.1 TF  1920.1 GB/s diff=7.06e-03
dense fp4 shared_expert_gate_up  m=128   swap_on         9.66 us   777.9 TF  1818.5 GB/s diff=7.07e-03
dense fp4 shared_expert_gate_up  m=128   swap_off        9.57 us   785.1 TF  1835.3 GB/s diff=7.07e-03
dense fp4 kv_b_proj              m=1     swap_on         3.30 us     1.3 TF   340.8 GB/s diff=7.06e-03
dense fp4 kv_b_proj              m=1     swap_off        3.26 us     1.3 TF   344.0 GB/s diff=7.06e-03
dense fp4 kv_b_proj              m=4     swap_on         3.30 us     5.1 TF   348.5 GB/s diff=7.13e-03
dense fp4 kv_b_proj              m=4     swap_off        3.23 us     5.2 TF   355.5 GB/s diff=7.13e-03
dense fp4 kv_b_proj              m=8     swap_on         3.30 us    10.2 TF   359.0 GB/s diff=6.98e-03
dense fp4 kv_b_proj              m=8     swap_off        3.33 us    10.1 TF   355.9 GB/s diff=6.98e-03
dense fp4 kv_b_proj              m=16    swap_on         3.30 us    20.3 TF   380.1 GB/s diff=7.04e-03
dense fp4 kv_b_proj              m=16    swap_off        3.20 us    21.0 TF   391.7 GB/s diff=7.04e-03
dense fp4 kv_b_proj              m=64    swap_on         3.42 us    78.4 TF   488.1 GB/s diff=7.05e-03
dense fp4 kv_b_proj              m=64    swap_off        3.10 us    86.6 TF   539.0 GB/s diff=7.05e-03
dense fp4 kv_b_proj              m=128   swap_on         3.58 us   149.8 TF   621.9 GB/s diff=7.05e-03
dense fp4 kv_b_proj              m=128   swap_off        3.14 us   171.2 TF   710.7 GB/s diff=7.05e-03
dense fp4 lm_head                m=1     swap_on         9.93 us    23.3 TF  6198.6 GB/s diff=7.15e-03
dense fp4 lm_head                m=1     swap_off       15.25 us    15.2 TF  4038.4 GB/s diff=7.15e-03
dense fp4 lm_head                m=4     swap_on         9.66 us    95.9 TF  6386.7 GB/s diff=7.07e-03
dense fp4 lm_head                m=4     swap_off       15.17 us    61.1 TF  4066.4 GB/s diff=7.07e-03
dense fp4 lm_head                m=8     swap_on         8.99 us   206.1 TF  6878.7 GB/s diff=7.06e-03
dense fp4 lm_head                m=8     swap_off       12.61 us   147.0 TF  4905.9 GB/s diff=7.06e-03
dense fp4 lm_head                m=16    swap_on         8.93 us   415.1 TF  6961.5 GB/s diff=7.04e-03
dense fp4 lm_head                m=16    swap_off       11.71 us   316.5 TF  5307.8 GB/s diff=7.04e-03
dense fp4 lm_head                m=64    swap_on        10.02 us  1479.6 TF  6393.4 GB/s diff=7.05e-03
dense fp4 lm_head                m=64    swap_off       12.29 us  1206.9 TF  5215.1 GB/s diff=7.05e-03
dense fp4 lm_head                m=128   swap_on        12.89 us  2299.6 TF  5164.7 GB/s diff=7.05e-03
dense fp4 lm_head                m=128   swap_off       12.58 us  2357.4 TF  5294.5 GB/s diff=7.05e-03
dense fp4 mtp_eh_proj            m=1     swap_on        15.23 us    13.5 TF  3585.9 GB/s diff=7.14e-03
dense fp4 mtp_eh_proj            m=1     swap_off       22.48 us     9.1 TF  2429.9 GB/s diff=7.14e-03
dense fp4 mtp_eh_proj            m=4     swap_on        15.25 us    53.9 TF  3588.1 GB/s diff=7.01e-03
dense fp4 mtp_eh_proj            m=4     swap_off       20.25 us    40.6 TF  2700.9 GB/s diff=7.01e-03
dense fp4 mtp_eh_proj            m=8     swap_on        15.20 us   108.2 TF  3606.7 GB/s diff=7.06e-03
dense fp4 mtp_eh_proj            m=8     swap_off       17.66 us    93.1 TF  3103.7 GB/s diff=7.06e-03
dense fp4 mtp_eh_proj            m=16    swap_on        15.26 us   215.4 TF  3606.7 GB/s diff=7.08e-03
dense fp4 mtp_eh_proj            m=16    swap_off       15.84 us   207.6 TF  3475.5 GB/s diff=7.08e-03
dense fp4 mtp_eh_proj            m=64    swap_on        15.79 us   832.9 TF  3573.6 GB/s diff=7.05e-03
dense fp4 mtp_eh_proj            m=64    swap_off       15.87 us   828.7 TF  3555.5 GB/s diff=7.05e-03
dense fp4 mtp_eh_proj            m=128   swap_on        16.48 us  1596.2 TF  3535.9 GB/s diff=7.05e-03
dense fp4 mtp_eh_proj            m=128   swap_off       17.04 us  1543.7 TF  3419.7 GB/s diff=7.05e-03
dense fp4 q_b_proj_tp1           m=1     swap_on         5.90 us    12.8 TF  3405.0 GB/s diff=6.96e-03
dense fp4 q_b_proj_tp1           m=1     swap_off        6.18 us    12.2 TF  3255.3 GB/s diff=6.96e-03
dense fp4 q_b_proj_tp1           m=8     swap_on         5.82 us   103.7 TF  3513.0 GB/s diff=7.03e-03
dense fp4 q_b_proj_tp1           m=8     swap_off        5.95 us   101.5 TF  3437.4 GB/s diff=7.03e-03
dense fp4 q_b_proj_tp1           m=64    swap_on         6.66 us   725.9 TF  3500.4 GB/s diff=7.04e-03
dense fp4 q_b_proj_tp1           m=64    swap_off        5.98 us   807.5 TF  3893.5 GB/s diff=7.04e-03
dense fp4 kv_b_proj_tp1          m=1     swap_on         4.09 us     8.2 TF  2192.7 GB/s diff=6.97e-03
dense fp4 kv_b_proj_tp1          m=1     swap_off        4.70 us     7.1 TF  1908.8 GB/s diff=6.97e-03
dense fp4 kv_b_proj_tp1          m=8     swap_on         4.03 us    66.6 TF  2341.9 GB/s diff=7.02e-03
dense fp4 kv_b_proj_tp1          m=8     swap_off        4.77 us    56.3 TF  1980.1 GB/s diff=7.02e-03
dense fp4 kv_b_proj_tp1          m=64    swap_on         4.82 us   445.9 TF  2728.2 GB/s diff=7.04e-03
dense fp4 kv_b_proj_tp1          m=64    swap_off        4.80 us   447.4 TF  2737.5 GB/s diff=7.04e-03
dense fp4 o_proj_tp1             m=1     swap_on        17.03 us    13.8 TF  3666.3 GB/s diff=6.96e-03
dense fp4 o_proj_tp1             m=1     swap_off       23.46 us    10.0 TF  2661.1 GB/s diff=6.96e-03
dense fp4 o_proj_tp1             m=8     swap_on        16.96 us   110.8 TF  3693.2 GB/s diff=7.01e-03
dense fp4 o_proj_tp1             m=8     swap_off       17.66 us   106.4 TF  3546.2 GB/s diff=7.01e-03
dense fp4 o_proj_tp1             m=64    swap_on        17.70 us   849.5 TF  3637.2 GB/s diff=7.05e-03
dense fp4 o_proj_tp1             m=64    swap_off       17.69 us   849.6 TF  3637.5 GB/s diff=7.05e-03
done
EXIT=0
