deep_gemm: /sgl-workspace/DeepGEMM-swapab/deep_gemm/__init__.py
device: NVIDIA B300 SXM6 AC, SMs: 148
dense fp8 fused_qkv_a            m=1     swap_on         9.44 us     3.2 TF  1617.4 GB/s diff=6.99e-04
dense fp8 fused_qkv_a            m=1     swap_off        9.79 us     3.1 TF  1559.4 GB/s diff=6.99e-04
dense fp8 fused_qkv_a            m=4     swap_on         8.96 us    13.5 TF  1707.9 GB/s diff=6.99e-04
dense fp8 fused_qkv_a            m=4     swap_off        9.22 us    13.1 TF  1660.5 GB/s diff=6.99e-04
dense fp8 fused_qkv_a            m=8     swap_on         8.86 us    27.3 TF  1731.6 GB/s diff=7.00e-04
dense fp8 fused_qkv_a            m=8     swap_off        8.77 us    27.6 TF  1750.5 GB/s diff=7.00e-04
dense fp8 fused_qkv_a            m=16    swap_on         8.66 us    56.0 TF  1783.8 GB/s diff=6.96e-04
dense fp8 fused_qkv_a            m=16    swap_off        8.03 us    60.3 TF  1922.3 GB/s diff=6.96e-04
dense fp8 fused_qkv_a            m=64    swap_on         7.87 us   246.2 TF  2031.2 GB/s diff=7.09e-04
dense fp8 fused_qkv_a            m=64    swap_off        7.94 us   244.2 TF  2014.8 GB/s diff=7.09e-04
dense fp8 fused_qkv_a            m=128   swap_on         8.10 us   478.7 TF  2065.5 GB/s diff=7.13e-04
dense fp8 fused_qkv_a            m=128   swap_off        8.35 us   464.1 TF  2002.4 GB/s diff=7.13e-04
dense fp8 q_b_proj               m=1     swap_on         4.19 us     2.3 TF  1136.2 GB/s diff=7.35e-04
dense fp8 q_b_proj               m=1     swap_off        4.34 us     2.2 TF  1098.1 GB/s diff=7.35e-04
dense fp8 q_b_proj               m=4     swap_on         4.19 us     9.0 TF  1142.0 GB/s diff=7.15e-04
dense fp8 q_b_proj               m=4     swap_off        4.45 us     8.5 TF  1075.8 GB/s diff=7.15e-04
dense fp8 q_b_proj               m=8     swap_on         4.19 us    18.0 TF  1149.1 GB/s diff=7.16e-04
dense fp8 q_b_proj               m=8     swap_off        4.22 us    17.9 TF  1140.4 GB/s diff=7.16e-04
dense fp8 q_b_proj               m=16    swap_on         4.19 us    36.0 TF  1163.2 GB/s diff=7.17e-04
dense fp8 q_b_proj               m=16    swap_off        3.97 us    38.0 TF  1229.2 GB/s diff=7.17e-04
dense fp8 q_b_proj               m=64    swap_on         4.38 us   137.8 TF  1197.0 GB/s diff=7.05e-04
dense fp8 q_b_proj               m=64    swap_off        3.91 us   154.7 TF  1343.9 GB/s diff=7.05e-04
dense fp8 q_b_proj               m=128   swap_on         4.61 us   262.3 TF  1246.3 GB/s diff=7.08e-04
dense fp8 q_b_proj               m=128   swap_off        4.02 us   300.4 TF  1427.5 GB/s diff=7.08e-04
dense fp8 o_proj                 m=1     swap_on         4.99 us     5.9 TF  2966.4 GB/s diff=7.40e-04
dense fp8 o_proj                 m=1     swap_off        5.73 us     5.1 TF  2586.6 GB/s diff=7.40e-04
dense fp8 o_proj                 m=4     swap_on         4.86 us    24.1 TF  3055.2 GB/s diff=7.08e-04
dense fp8 o_proj                 m=4     swap_off        5.60 us    21.0 TF  2653.6 GB/s diff=7.08e-04
dense fp8 o_proj                 m=8     swap_on         4.83 us    48.6 TF  3090.3 GB/s diff=7.11e-04
dense fp8 o_proj                 m=8     swap_off        5.38 us    43.6 TF  2771.8 GB/s diff=7.11e-04
dense fp8 o_proj                 m=16    swap_on         4.85 us    96.9 TF  3107.5 GB/s diff=7.13e-04
dense fp8 o_proj                 m=16    swap_off        5.18 us    90.7 TF  2905.7 GB/s diff=7.13e-04
dense fp8 o_proj                 m=64    swap_on         5.28 us   355.9 TF  3000.8 GB/s diff=7.12e-04
dense fp8 o_proj                 m=64    swap_off        4.58 us   410.5 TF  3461.0 GB/s diff=7.12e-04
dense fp8 o_proj                 m=128   swap_on         5.73 us   656.2 TF  2949.9 GB/s diff=7.13e-04
dense fp8 o_proj                 m=128   swap_off        4.99 us   753.0 TF  3384.9 GB/s diff=7.13e-04
dense fp8 indexer_wq_b           m=1     swap_on         4.42 us     5.7 TF  2875.7 GB/s diff=7.21e-04
dense fp8 indexer_wq_b           m=1     swap_off        4.96 us     5.1 TF  2560.3 GB/s diff=7.21e-04
dense fp8 indexer_wq_b           m=4     swap_on         4.51 us    22.3 TF  2826.5 GB/s diff=7.15e-04
dense fp8 indexer_wq_b           m=4     swap_off        4.99 us    20.2 TF  2554.7 GB/s diff=7.15e-04
dense fp8 indexer_wq_b           m=8     swap_on         4.43 us    45.4 TF  2893.3 GB/s diff=7.12e-04
dense fp8 indexer_wq_b           m=8     swap_off        4.73 us    42.5 TF  2708.5 GB/s diff=7.12e-04
dense fp8 indexer_wq_b           m=16    swap_on         4.42 us    91.2 TF  2936.6 GB/s diff=7.13e-04
dense fp8 indexer_wq_b           m=16    swap_off        4.54 us    88.6 TF  2853.9 GB/s diff=7.13e-04
dense fp8 indexer_wq_b           m=64    swap_on         4.80 us   335.5 TF  2881.0 GB/s diff=7.09e-04
dense fp8 indexer_wq_b           m=64    swap_off        4.13 us   390.0 TF  3348.4 GB/s diff=7.09e-04
dense fp8 indexer_wq_b           m=128   swap_on         5.18 us   621.6 TF  2890.1 GB/s diff=7.10e-04
dense fp8 indexer_wq_b           m=128   swap_off        4.48 us   719.2 TF  3343.7 GB/s diff=7.10e-04
dense fp8 indexer_wk_wproj       m=1     swap_on         7.90 us     0.3 TF   176.5 GB/s diff=8.17e-04
dense fp8 indexer_wk_wproj       m=1     swap_off        7.71 us     0.4 TF   180.8 GB/s diff=8.17e-04
dense fp8 indexer_wk_wproj       m=4     swap_on         7.91 us     1.4 TF   179.3 GB/s diff=7.04e-04
dense fp8 indexer_wk_wproj       m=4     swap_off        7.71 us     1.4 TF   183.8 GB/s diff=7.04e-04
dense fp8 indexer_wk_wproj       m=8     swap_on         7.91 us     2.8 TF   183.2 GB/s diff=6.90e-04
dense fp8 indexer_wk_wproj       m=8     swap_off        7.71 us     2.9 TF   187.8 GB/s diff=6.90e-04
dense fp8 indexer_wk_wproj       m=16    swap_on         7.87 us     5.6 TF   191.7 GB/s diff=7.09e-04
dense fp8 indexer_wk_wproj       m=16    swap_off        7.73 us     5.7 TF   195.2 GB/s diff=7.09e-04
dense fp8 indexer_wk_wproj       m=64    swap_on         7.93 us    22.2 TF   236.2 GB/s diff=7.07e-04
dense fp8 indexer_wk_wproj       m=64    swap_off        7.58 us    23.2 TF   247.1 GB/s diff=7.07e-04
dense fp8 indexer_wk_wproj       m=128   swap_on         7.97 us    44.2 TF   296.3 GB/s diff=7.09e-04
dense fp8 indexer_wk_wproj       m=128   swap_off        7.72 us    45.7 TF   305.9 GB/s diff=7.09e-04
dense fp8 dense_mlp_gate_up      m=1     swap_on         8.06 us     8.2 TF  4129.5 GB/s diff=6.97e-04
dense fp8 dense_mlp_gate_up      m=1     swap_off       10.37 us     6.4 TF  3212.1 GB/s diff=6.97e-04
dense fp8 dense_mlp_gate_up      m=4     swap_on         8.07 us    32.8 TF  4134.9 GB/s diff=7.15e-04
dense fp8 dense_mlp_gate_up      m=4     swap_off       10.49 us    25.2 TF  3179.0 GB/s diff=7.15e-04
dense fp8 dense_mlp_gate_up      m=8     swap_on         8.06 us    65.6 TF  4145.9 GB/s diff=7.16e-04
dense fp8 dense_mlp_gate_up      m=8     swap_off        9.21 us    57.4 TF  3628.6 GB/s diff=7.16e-04
dense fp8 dense_mlp_gate_up      m=16    swap_on         8.09 us   130.6 TF  4146.0 GB/s diff=7.05e-04
dense fp8 dense_mlp_gate_up      m=16    swap_off        8.48 us   124.7 TF  3958.4 GB/s diff=7.05e-04
dense fp8 dense_mlp_gate_up      m=64    swap_on         9.22 us   458.6 TF  3725.0 GB/s diff=7.09e-04
dense fp8 dense_mlp_gate_up      m=64    swap_off        8.29 us   510.3 TF  4144.9 GB/s diff=7.09e-04
dense fp8 dense_mlp_gate_up      m=128   swap_on         9.69 us   872.5 TF  3652.1 GB/s diff=7.13e-04
dense fp8 dense_mlp_gate_up      m=128   swap_off        9.47 us   892.6 TF  3735.9 GB/s diff=7.13e-04
dense fp8 dense_mlp_down         m=1     swap_on         5.14 us     6.4 TF  3244.2 GB/s diff=6.82e-04
dense fp8 dense_mlp_down         m=1     swap_off        6.27 us     5.3 TF  2658.7 GB/s diff=6.82e-04
dense fp8 dense_mlp_down         m=4     swap_on         5.05 us    26.2 TF  3314.5 GB/s diff=6.99e-04
dense fp8 dense_mlp_down         m=4     swap_off        6.27 us    21.1 TF  2666.6 GB/s diff=6.99e-04
dense fp8 dense_mlp_down         m=8     swap_on         5.07 us    52.1 TF  3309.7 GB/s diff=7.06e-04
dense fp8 dense_mlp_down         m=8     swap_off        5.63 us    46.9 TF  2981.5 GB/s diff=7.06e-04
dense fp8 dense_mlp_down         m=16    swap_on         5.02 us   105.2 TF  3370.2 GB/s diff=7.13e-04
dense fp8 dense_mlp_down         m=16    swap_off        5.41 us    97.8 TF  3131.4 GB/s diff=7.13e-04
dense fp8 dense_mlp_down         m=64    swap_on         5.50 us   384.1 TF  3220.3 GB/s diff=7.14e-04
dense fp8 dense_mlp_down         m=64    swap_off        4.83 us   437.3 TF  3666.7 GB/s diff=7.14e-04
dense fp8 dense_mlp_down         m=128   swap_on         6.02 us   702.9 TF  3124.0 GB/s diff=7.13e-04
dense fp8 dense_mlp_down         m=128   swap_off        5.31 us   796.2 TF  3538.8 GB/s diff=7.13e-04
dense fp8 shared_expert_gate_up  m=1     swap_on         8.06 us     7.3 TF  3672.4 GB/s diff=7.08e-04
dense fp8 shared_expert_gate_up  m=1     swap_off       10.83 us     5.4 TF  2733.2 GB/s diff=7.08e-04
dense fp8 shared_expert_gate_up  m=4     swap_on         8.03 us    29.2 TF  3691.2 GB/s diff=7.18e-04
dense fp8 shared_expert_gate_up  m=4     swap_off       10.18 us    23.1 TF  2914.1 GB/s diff=7.18e-04
dense fp8 shared_expert_gate_up  m=8     swap_on         8.06 us    58.3 TF  3687.4 GB/s diff=7.17e-04
dense fp8 shared_expert_gate_up  m=8     swap_off        9.21 us    51.0 TF  3224.4 GB/s diff=7.17e-04
dense fp8 shared_expert_gate_up  m=16    swap_on         8.10 us   116.0 TF  3684.2 GB/s diff=7.05e-04
dense fp8 shared_expert_gate_up  m=16    swap_off        9.23 us   101.7 TF  3230.9 GB/s diff=7.05e-04
dense fp8 shared_expert_gate_up  m=64    swap_on         8.66 us   433.8 TF  3529.7 GB/s diff=7.10e-04
dense fp8 shared_expert_gate_up  m=64    swap_off        8.16 us   460.4 TF  3745.7 GB/s diff=7.10e-04
dense fp8 shared_expert_gate_up  m=128   swap_on         8.93 us   842.2 TF  3536.4 GB/s diff=7.12e-04
dense fp8 shared_expert_gate_up  m=128   swap_off        9.09 us   827.1 TF  3473.4 GB/s diff=7.12e-04
dense fp8 kv_b_proj              m=1     swap_on         3.42 us     1.2 TF   620.0 GB/s diff=7.46e-04
dense fp8 kv_b_proj              m=1     swap_off        3.26 us     1.3 TF   650.2 GB/s diff=7.46e-04
dense fp8 kv_b_proj              m=4     swap_on         3.42 us     4.9 TF   627.6 GB/s diff=7.36e-04
dense fp8 kv_b_proj              m=4     swap_off        3.30 us     5.1 TF   652.0 GB/s diff=7.36e-04
dense fp8 kv_b_proj              m=8     swap_on         3.43 us     9.8 TF   637.2 GB/s diff=7.25e-04
dense fp8 kv_b_proj              m=8     swap_off        3.26 us    10.3 TF   668.9 GB/s diff=7.25e-04
dense fp8 kv_b_proj              m=16    swap_on         3.43 us    19.6 TF   657.6 GB/s diff=7.14e-04
dense fp8 kv_b_proj              m=16    swap_off        3.27 us    20.6 TF   690.0 GB/s diff=7.14e-04
dense fp8 kv_b_proj              m=64    swap_on         3.58 us    74.9 TF   745.4 GB/s diff=7.14e-04
dense fp8 kv_b_proj              m=64    swap_off        3.14 us    85.6 TF   851.7 GB/s diff=7.14e-04
dense fp8 kv_b_proj              m=128   swap_on         3.71 us   144.6 TF   869.7 GB/s diff=7.13e-04
dense fp8 kv_b_proj              m=128   swap_off        3.20 us   167.8 TF  1008.8 GB/s diff=7.13e-04
dense fp8 lm_head                m=1     swap_on        20.18 us    11.5 TF  5787.7 GB/s diff=7.20e-04
dense fp8 lm_head                m=1     swap_off       21.99 us    10.5 TF  5311.4 GB/s diff=7.20e-04
dense fp8 lm_head                m=4     swap_on        20.28 us    45.7 TF  5764.8 GB/s diff=7.22e-04
dense fp8 lm_head                m=4     swap_off       21.80 us    42.5 TF  5361.2 GB/s diff=7.22e-04
dense fp8 lm_head                m=8     swap_on        20.53 us    90.3 TF  5703.0 GB/s diff=7.19e-04
dense fp8 lm_head                m=8     swap_off       21.12 us    87.8 TF  5543.6 GB/s diff=7.19e-04
dense fp8 lm_head                m=16    swap_on        20.74 us   178.7 TF  5660.1 GB/s diff=7.11e-04
dense fp8 lm_head                m=16    swap_off       21.47 us   172.7 TF  5467.3 GB/s diff=7.11e-04
dense fp8 lm_head                m=64    swap_on        21.63 us   685.6 TF  5514.8 GB/s diff=7.13e-04
dense fp8 lm_head                m=64    swap_off       22.08 us   671.5 TF  5401.6 GB/s diff=7.13e-04
dense fp8 lm_head                m=128   swap_on        23.82 us  1245.1 TF  5114.3 GB/s diff=7.13e-04
dense fp8 lm_head                m=128   swap_off       23.85 us  1243.4 TF  5107.2 GB/s diff=7.13e-04
dense fp8 mtp_eh_proj            m=1     swap_on        17.47 us    11.8 TF  5928.7 GB/s diff=7.21e-04
dense fp8 mtp_eh_proj            m=1     swap_off       23.75 us     8.7 TF  4362.5 GB/s diff=7.21e-04
dense fp8 mtp_eh_proj            m=4     swap_on        17.47 us    47.1 TF  5934.3 GB/s diff=7.23e-04
dense fp8 mtp_eh_proj            m=4     swap_off       23.62 us    34.8 TF  4390.1 GB/s diff=7.23e-04
dense fp8 mtp_eh_proj            m=8     swap_on        18.65 us    88.1 TF  5563.8 GB/s diff=7.13e-04
dense fp8 mtp_eh_proj            m=8     swap_off       21.26 us    77.3 TF  4882.0 GB/s diff=7.13e-04
dense fp8 mtp_eh_proj            m=16    swap_on        18.53 us   177.5 TF  5613.7 GB/s diff=7.16e-04
dense fp8 mtp_eh_proj            m=16    swap_off       18.47 us   178.1 TF  5632.7 GB/s diff=7.16e-04
dense fp8 mtp_eh_proj            m=64    swap_on        22.39 us   587.4 TF  4706.9 GB/s diff=7.12e-04
dense fp8 mtp_eh_proj            m=64    swap_off       19.07 us   689.9 TF  5528.5 GB/s diff=7.12e-04
dense fp8 mtp_eh_proj            m=128   swap_on        23.72 us  1109.1 TF  4521.8 GB/s diff=7.14e-04
dense fp8 mtp_eh_proj            m=128   swap_off       24.57 us  1070.7 TF  4365.2 GB/s diff=7.14e-04
dense fp8 q_b_proj_tp1           m=1     swap_on         6.27 us    12.0 TF  6073.7 GB/s diff=7.15e-04
dense fp8 q_b_proj_tp1           m=1     swap_off        7.46 us    10.1 TF  5109.2 GB/s diff=7.15e-04
dense fp8 q_b_proj_tp1           m=8     swap_on         6.26 us    96.5 TF  6145.5 GB/s diff=7.13e-04
dense fp8 q_b_proj_tp1           m=8     swap_off        6.98 us    86.6 TF  5511.6 GB/s diff=7.13e-04
dense fp8 q_b_proj_tp1           m=64    swap_on         6.98 us   692.6 TF  5918.6 GB/s diff=7.12e-04
dense fp8 q_b_proj_tp1           m=64    swap_off        6.23 us   775.1 TF  6623.1 GB/s diff=7.12e-04
dense fp8 kv_b_proj_tp1          m=1     swap_on         4.38 us     7.7 TF  3872.8 GB/s diff=7.25e-04
dense fp8 kv_b_proj_tp1          m=1     swap_off        4.93 us     6.8 TF  3443.8 GB/s diff=7.25e-04
dense fp8 kv_b_proj_tp1          m=8     swap_on         4.42 us    60.8 TF  3949.4 GB/s diff=7.23e-04
dense fp8 kv_b_proj_tp1          m=8     swap_off        4.96 us    54.1 TF  3516.2 GB/s diff=7.23e-04
dense fp8 kv_b_proj_tp1          m=64    swap_on         4.96 us   433.0 TF  4262.1 GB/s diff=7.17e-04
dense fp8 kv_b_proj_tp1          m=64    swap_off        4.99 us   430.3 TF  4234.7 GB/s diff=7.17e-04
dense fp8 o_proj_tp1             m=1     swap_on        23.95 us     9.8 TF  4942.8 GB/s diff=7.05e-04
dense fp8 o_proj_tp1             m=1     swap_off       27.70 us     8.5 TF  4273.8 GB/s diff=7.05e-04
dense fp8 o_proj_tp1             m=8     swap_on        23.68 us    79.4 TF  5009.1 GB/s diff=7.04e-04
dense fp8 o_proj_tp1             m=8     swap_off       22.72 us    82.7 TF  5220.4 GB/s diff=7.04e-04
dense fp8 o_proj_tp1             m=64    swap_on        26.07 us   576.7 TF  4616.2 GB/s diff=7.11e-04
dense fp8 o_proj_tp1             m=64    swap_off       24.06 us   624.7 TF  5000.6 GB/s diff=7.11e-04
done
EXIT=0
